**********************
PowerShell transcript start
Start time: 20260517135930
Username: AD\IdoRot
RunAs User: AD\IdoRot
Configuration Name: 
Machine: IBI-PF3D1J6R (Microsoft Windows NT 10.0.26200.0)
Host Application: C:\Program Files\WindowsApps\Microsoft.PowerShell_7.6.1.0_x64__8wekyb3d8bbwe\pwsh.dll
Process ID: 16644
PSVersion: 7.6.1
PSEdition: Core
GitCommitId: 7.6.1
OS: Microsoft Windows 10.0.26200
Platform: Win32NT
PSCompatibleVersions: 1.0, 2.0, 3.0, 4.0, 5.0, 5.1, 6.0, 7.0
PSRemotingProtocolVersion: 2.4
SerializationVersion: 1.1.0.1
WSManStackVersion: 3.0
**********************
13:59:30  [i] [INFO]  Transcript started -> C:\repos\Scripts\SysScripts\External SharePoint Site\logs\run-20260517-135930.log

  ==========================================
   Entra Project Onboarding Wizard
  ==========================================

PS>TerminatingError(): "The pipeline has been stopped."
>> TerminatingError(): "The pipeline has been stopped."
**********************
PowerShell transcript end
End time: 20260517135945
**********************
